[22:49:36] [main/INFO] (FabricLoader/GameProvider) Loading Minecraft 1.21.6 with Fabric Loader 0.17.2
[22:49:37] [main/INFO] (FabricLoader) Loading 51 mods:
	- customportalapi 0.0.1-beta68-1.21.8
	- fabric-api 0.128.2+1.21.6
	- fabric-api-base 0.4.64+9ec45cd896
	- fabric-api-lookup-api-v1 1.6.100+946bf4c396
	- fabric-biome-api-v1 16.0.11+946bf4c396
	- fabric-block-api-v1 1.1.3+946bf4c396
	- fabric-block-view-api-v2 1.0.31+946bf4c396
	- fabric-client-gametest-api-v1 4.2.5+98137fcb96
	- fabric-command-api-v2 2.2.53+946bf4c396
	- fabric-content-registries-v0 10.0.18+946bf4c396
	- fabric-convention-tags-v1 2.1.38+7f945d5b96
	- fabric-convention-tags-v2 2.15.3+946bf4c396
	- fabric-crash-report-info-v1 0.3.15+946bf4c396
	- fabric-data-attachment-api-v1 1.8.10+946bf4c396
	- fabric-data-generation-api-v1 23.2.3+c265f73696
	- fabric-dimensions-v1 4.0.19+946bf4c396
	- fabric-entity-events-v1 2.1.1+c9e4727396
	- fabric-events-interaction-v0 4.0.23+946bf4c396
	- fabric-game-rule-api-v1 1.0.73+12a186f696
	- fabric-gametest-api-v1 3.1.9+39ce47f596
	- fabric-item-api-v1 11.4.3+946bf4c396
	- fabric-item-group-api-v1 4.2.13+946bf4c396
	- fabric-key-binding-api-v1 1.0.65+946bf4c396
	- fabric-lifecycle-events-v1 2.6.3+db4dfd8596
	- fabric-loot-api-v2 3.0.55+3f89f5a596
	- fabric-loot-api-v3 2.0.2+946bf4c396
	- fabric-message-api-v1 6.1.1+946bf4c396
	- fabric-model-loading-api-v1 5.2.5+946bf4c396
	- fabric-networking-api-v1 5.0.1+946bf4c396
	- fabric-object-builder-api-v1 21.1.7+946bf4c396
	- fabric-particles-v1 4.1.7+946bf4c396
	- fabric-recipe-api-v1 8.1.14+946bf4c396
	- fabric-registry-sync-v0 6.1.27+946bf4c396
	- fabric-renderer-api-v1 7.0.2+946bf4c396
	- fabric-renderer-indigo 4.0.2+946bf4c396
	- fabric-rendering-fluids-v1 3.1.30+fa6cb72b96
	- fabric-rendering-v1 12.4.0+e8d43c7696
	- fabric-resource-conditions-api-v1 5.0.24+946bf4c396
	- fabric-resource-loader-v0 3.1.11+946bf4c396
	- fabric-screen-api-v1 2.0.51+946bf4c396
	- fabric-screen-handler-api-v1 1.3.136+946bf4c396
	- fabric-sound-api-v1 1.0.42+946bf4c396
	- fabric-tag-api-v1 1.2.1+946bf4c396
	- fabric-transfer-api-v1 6.0.5+946bf4c396
	- fabric-transitive-access-wideners-v1 6.4.1+ac3e15d196
	- fabricloader 0.17.2
	- java 24
	- minecraft 1.21.6
	- mixinextras 0.5.0
	- robotmod 1.0.0
	- smartbrainlib 1.16.8
[22:49:37] [main/INFO] (FabricLoader/Mixin) SpongePowered MIXIN Subsystem Version=0.8.7 Source=file:/home/illia/.gradle/caches/modules-2/files-2.1/net.fabricmc/sponge-mixin/0.16.3+mixin.0.8.7/3e535042688d1265447e52ad86950b7d9678a5fa/sponge-mixin-0.16.3+mixin.0.8.7.jar Service=Knot/Fabric Env=CLIENT
[22:49:37] [main/INFO] (FabricLoader/Mixin) Loaded Fabric development mappings for mixin remapper!
[22:49:37] [main/INFO] (FabricLoader/Mixin) Compatibility level set to JAVA_21
[22:49:37] [main/INFO] (FabricLoader/MixinExtras|Service) Initializing MixinExtras via com.llamalad7.mixinextras.service.MixinExtrasServiceImpl(version=0.5.0).
[22:49:38] [Datafixer Bootstrap/INFO] (Minecraft) 269 Datafixer optimizations took 256 milliseconds
[22:49:41] [Render thread/INFO] (Minecraft) Environment: Environment[sessionHost=https://sessionserver.mojang.com, servicesHost=https://api.minecraftservices.com, name=PROD]
[22:49:41] [Render thread/INFO] (Minecraft) Setting user: Player621
[22:49:41] [Render thread/INFO] (robotmod) initializing attachment types for robotmod
[22:49:41] [Render thread/INFO] (robotmod) Initializing screen handlers for robotmod
[22:49:41] [Render thread/INFO] (robotmod) Initializing items for robotmod
[22:49:41] [Render thread/INFO] (robotmod) Registering mod blocks for robotmod
[22:49:41] [Render thread/INFO] (robotmod) registering item groups for robotmod
[22:49:41] [Render thread/INFO] (robotmod) Initializing entities for robotmod
[22:49:41] [Render thread/INFO] (Indigo) [Indigo] Registering Indigo renderer!
[22:49:41] [Render thread/INFO] (FabricDataGenHelper) Running data generator for robotmod
[22:49:41] [Render thread/INFO] (Minecraft) Starting provider: robotmod/Language (en_us)
[22:49:41] [Worker-Main-1/INFO] (robotmod) registering dimensions for robotmod
[22:49:41] [Render thread/INFO] (Minecraft) robotmod/Language (en_us) finished after 180 ms
[22:49:41] [Render thread/INFO] (Minecraft) Starting provider: robotmod/Model Definitions
[22:49:41] [Render thread/INFO] (Minecraft) robotmod/Model Definitions finished after 32 ms
[22:49:41] [Render thread/INFO] (Minecraft) Starting provider: robotmod/robotmod recipes
[22:49:41] [Render thread/INFO] (Minecraft) robotmod/robotmod recipes finished after 15 ms
[22:49:41] [Render thread/INFO] (Minecraft) Starting provider: robotmod/World provider
[22:49:41] [Render thread/INFO] (Minecraft) robotmod/World provider finished after 2 ms
[22:49:41] [Render thread/INFO] (Minecraft) All providers took: 232 ms
[22:49:41] [Render thread/INFO] (Minecraft) Caching: total files: 18, old count: 16, new count: 19, removed stale: 0, written: 3
